ID,Input,Configuration,Type/Genes,Mode,Hits,Percentage Coverage,e-value
1,VIB_EA5348AA_AS,O1.yaml,V. cholerae O1 Genes,Gene,rfbV_O1,100.0,1.0
2,VIB_EA5348AA_AS,O1.yaml,V. cholerae O1 Genes,Gene,ctxA,100.0,1.0
